../Core/Src/main.c:78:5:main	64	static
../Core/Src/main.c:151:6:SystemClock_Config	88	static
../Core/Src/main.c:199:13:MX_ADC1_Init	24	static
../Core/Src/main.c:246:13:MX_TIM1_Init	80	static
../Core/Src/main.c:309:13:MX_DMA_Init	16	static
../Core/Src/main.c:327:13:MX_GPIO_Init	40	static
../Core/Src/main.c:357:6:HAL_ADC_ConvCpltCallback	16	static
../Core/Src/main.c:371:6:delay_us	24	static
../Core/Src/main.c:377:6:Scan_CCD	8	static
../Core/Src/main.c:408:6:Error_Handler	4	static,ignoring_inline_asm
