../Core/Src/main.c:78:5:main	64	static
../Core/Src/main.c:151:6:SystemClock_Config	88	static
../Core/Src/main.c:199:13:MX_ADC1_Init	24	static
../Core/Src/main.c:246:13:MX_TIM3_Init	48	static
../Core/Src/main.c:293:13:MX_DMA_Init	16	static
../Core/Src/main.c:311:13:MX_GPIO_Init	40	static
../Core/Src/main.c:342:6:HAL_ADC_ConvCpltCallback	16	static
../Core/Src/main.c:354:6:delay_us	24	static
../Core/Src/main.c:361:6:Scan_CCD	8	static
../Core/Src/main.c:390:6:Error_Handler	4	static,ignoring_inline_asm
