../Core/Src/main.c:31:6:delay_us	24	static
../Core/Src/main.c:38:6:TMC5160_Write_Register	24	static
../Core/Src/main.c:94:6:TMC5160_Init	16	static
../Core/Src/main.c:122:5:main	64	static
../Core/Src/main.c:302:6:SystemClock_Config	88	static
../Core/Src/main.c:348:13:MX_ADC1_Init	24	static
../Core/Src/main.c:409:13:MX_SPI1_Init	8	static
../Core/Src/main.c:445:13:MX_DMA_Init	16	static
../Core/Src/main.c:463:13:MX_GPIO_Init	48	static
../Core/Src/main.c:525:6:Error_Handler	4	static,ignoring_inline_asm
